
> ciniflix@0.1.0 build
> next build && prisma generate

Γû▓ Next.js 16.2.4 (Turbopack)
- Environments: .env.local

  Creating an optimized production build ...
Γ£ô Compiled successfully in 61s
  Running TypeScript ...
  Finished TypeScript in 1062ms ...
  Collecting page data using 11 workers ...
  Generating static pages using 11 workers (0/11) ...
  Generating static pages using 11 workers (2/11) 
  Generating static pages using 11 workers (5/11) 
  Generating static pages using 11 workers (8/11) 
Γ£ô Generating static pages using 11 workers (11/11) in 9.9s
  Finalizing page optimization ...

Route (app)
Γöî Γùï /
Γö£ Γùï /_not-found
Γö£ ╞Æ /api/auth/[...nextauth]
Γö£ ╞Æ /api/auth/register
Γö£ ╞Æ /api/movies
Γö£ ╞Æ /api/movies/[id]
Γö£ ╞Æ /api/movies/[id]/reviews
Γö£ ╞Æ /api/watchlist
Γö£ ╞Æ /api/watchlist/[id]
Γö£ Γùï /browse
Γö£ Γùï /login
Γö£ ╞Æ /movie/[id]
Γö£ Γùï /signup
Γöö Γùï /watchlist


Γùï  (Static)   prerendered as static content
╞Æ  (Dynamic)  server-rendered on demand

Prisma schema loaded from prisma\schema.prisma

Γ£ö Generated Prisma Client (v5.22.0) to .\node_modules\@prisma\client in 923ms

Start by importing your Prisma Client (See: https://pris.ly/d/importing-client)

Tip: Need your database queries to be 1000x faster? Accelerate offers you that and more: https://pris.ly/tip-2-accelerate

